Recreating project ....
  android/app/src/profile/AndroidManifest.xml (created)
  android/app/src/main/res/values-night/styles.xml (created)
  android/app/src/main/res/mipmap-mdpi/ic_launcher.png (created)
  android/app/src/main/res/drawable-v21/launch_background.xml (created)
  android/app/src/main/res/drawable/launch_background.xml (created)
  android/app/src/main/res/values/styles.xml (created)
  android/app/src/main/res/mipmap-hdpi/ic_launcher.png (created)
  android/app/src/main/res/mipmap-xxhdpi/ic_launcher.png (created)
  android/app/src/main/res/mipmap-xhdpi/ic_launcher.png (created)
  android/app/src/main/res/mipmap-xxxhdpi/ic_launcher.png (created)
  android/app/src/main/AndroidManifest.xml (created)
  android/app/src/debug/AndroidManifest.xml (created)
  android/.gitignore (created)
  android/settings.gradle.kts (created)
  android/gradle.properties (created)
  android/gradle/wrapper/gradle-wrapper.properties (created)
  android/loopsort_android.iml (created)
  android/app/build.gradle.kts (created)
  android/app/src/main/kotlin/com/terafort/loopsort/MainActivity.kt (created)
  android/build.gradle.kts (created)
  .idea/modules.xml (created)
  .idea/libraries/KotlinJavaRuntime.xml (created)
  .idea/libraries/Dart_SDK.xml (created)
  .idea/runConfigurations/main_dart.xml (created)
  .idea/workspace.xml (created)
  loopsort.iml (created)
  test/widget_test.dart (created)
Wrote 30 files.

All done!
You can find general documentation for Flutter at: https://docs.flutter.dev/
Detailed API documentation is available at: https://api.flutter.dev/
If you prefer video documentation, consider: https://www.youtube.com/c/flutterdev

In order to run your application, type:

  $ flutter run

Your application code is in ./lib/main.dart.

patched /home/runner/work/loop-sort/loop-sort/android/app/build.gradle.kts
Resolving dependencies...
Downloading packages...
+ args 2.7.0
+ async 2.13.1
+ audioplayers 6.8.1
+ audioplayers_android 5.3.0
+ audioplayers_darwin 6.5.0
+ audioplayers_linux 4.3.0
+ audioplayers_platform_interface 7.2.0
+ audioplayers_web 5.3.0
+ audioplayers_windows 4.4.1
+ boolean_selector 2.1.2
  characters 1.4.1 (from direct dependency to transitive dependency)
+ clock 1.1.3
+ code_assets 1.2.1 (2.1.0 available)
  collection 1.19.1 (from direct dependency to transitive dependency)
+ crypto 3.0.7
+ fake_async 1.3.3
+ ffi 2.2.0
+ file 7.0.1
+ fixnum 1.1.1
+ flutter 0.0.0 from sdk flutter
+ flutter_lints 5.0.0 (6.0.0 available)
+ flutter_test 0.0.0 from sdk flutter
+ flutter_web_plugins 0.0.0 from sdk flutter
+ google_mobile_ads 9.1.0
+ hooks 2.0.2 (2.2.0 available)
+ http 1.6.0
+ http_parser 4.1.2
+ in_app_purchase 3.3.1
+ in_app_purchase_android 0.5.3
+ in_app_purchase_platform_interface 1.4.1
+ in_app_purchase_storekit 0.4.13
+ jni 1.1.0
+ jni_flutter 1.0.3
+ jni_util 1.0.0
+ json_annotation 4.12.0
+ leak_tracker 11.0.2
+ leak_tracker_flutter_testing 3.0.10
+ leak_tracker_testing 3.0.2
+ lints 5.1.1 (6.1.0 available)
+ logging 1.3.0
+ matcher 0.12.20
  material_color_utilities 0.13.0 (from direct dependency to transitive dependency) (0.13.1 available)
  meta 1.18.3 (from direct dependency to transitive dependency) (1.19.0 available)
+ objective_c 9.5.0 (9.6.2 available)
+ package_config 3.0.0
+ path 1.9.1
+ path_provider 2.1.6
+ path_provider_android 2.3.1
+ path_provider_foundation 2.6.0
+ path_provider_linux 2.2.2
+ path_provider_platform_interface 2.1.3
+ path_provider_windows 2.3.0
+ platform 3.2.0
+ plugin_platform_interface 2.1.8
+ pub_semver 2.2.1
+ record_use 0.6.0 (1.1.1 available)
+ shared_preferences 2.5.5
+ shared_preferences_android 2.4.28
+ shared_preferences_foundation 2.5.7
+ shared_preferences_linux 2.4.1
+ shared_preferences_platform_interface 2.4.2
+ shared_preferences_web 2.4.3
+ shared_preferences_windows 2.4.1
+ sky_engine 0.0.0 from sdk flutter
+ source_span 1.10.2
+ stack_trace 1.12.2
+ stream_channel 2.1.4
+ string_scanner 1.4.1
+ synchronized 3.4.2
+ term_glyph 1.2.2
+ test_api 0.7.12 (0.7.14 available)
+ typed_data 1.4.0
+ url_launcher 6.3.3
+ url_launcher_android 6.3.33
+ url_launcher_ios 6.4.2
+ url_launcher_linux 3.2.3
+ url_launcher_macos 3.2.6
+ url_launcher_platform_interface 2.3.2
+ url_launcher_web 2.4.3
+ url_launcher_windows 3.1.6
+ uuid 4.6.0
  vector_math 2.4.0 (from direct dependency to transitive dependency) (2.4.3 available)
+ vm_service 15.3.0
+ web 1.1.1
+ webview_flutter 4.14.1
+ webview_flutter_android 4.14.1
+ webview_flutter_platform_interface 2.15.1
+ webview_flutter_wkwebview 3.27.0
+ xdg_directories 1.1.0
+ yaml 3.1.4
Changed 90 dependencies!
10 packages have newer versions incompatible with dependency constraints.
Try `flutter pub outdated` for more information.
